
X260@DESKTOP-6OLBTVB MINGW64 ~
$ mkdir assign
mkdir: cannot create directory ‘assign’: File exists

X260@DESKTOP-6OLBTVB MINGW64 ~
$

X260@DESKTOP-6OLBTVB MINGW64 ~
$ cd assign

X260@DESKTOP-6OLBTVB MINGW64 ~/assign (master)
$ ls

X260@DESKTOP-6OLBTVB MINGW64 ~/assign (master)
$ ls -a
./  ../  .file1.java.swp  .git/

X260@DESKTOP-6OLBTVB MINGW64 ~/assign (master)
$ git -r file1.java
unknown option: -r
usage: git [--version] [--help] [-C <path>] [-c <name>=<value>]
           [--exec-path[=<path>]] [--html-path] [--man-path] [--info-path]
           [-p | --paginate | -P | --no-pager] [--no-replace-objects] [--bare]
           [--git-dir=<path>] [--work-tree=<path>] [--namespace=<name>]
           [--super-prefix=<path>] [--config-env=<name>=<envvar>]
           <command> [<args>]

X260@DESKTOP-6OLBTVB MINGW64 ~/assign (master)
$

X260@DESKTOP-6OLBTVB MINGW64 ~/assign (master)
$ mkdir assignment

X260@DESKTOP-6OLBTVB MINGW64 ~/assign (master)
$ cd assignment

X260@DESKTOP-6OLBTVB MINGW64 ~/assign/assignment (master)
$ git init
Initialized empty Git repository in C:/Users/X260/assign/assignment/.git/

X260@DESKTOP-6OLBTVB MINGW64 ~/assign/assignment (master)
$ git ass sample.txt
git: 'ass' is not a git command. See 'git --help'.

The most similar commands are
        add
        askpass
        lfs
        stash

X260@DESKTOP-6OLBTVB MINGW64 ~/assign/assignment (master)
$ git add sample.txt
fatal: pathspec 'sample.txt' did not match any files

X260@DESKTOP-6OLBTVB MINGW64 ~/assign/assignment (master)
$ notepad sample.txt

X260@DESKTOP-6OLBTVB MINGW64 ~/assign/assignment (master)
$ git add sample.txt

X260@DESKTOP-6OLBTVB MINGW64 ~/assign/assignment (master)
$ git status
On branch master

No commits yet

Changes to be committed:
  (use "git rm --cached <file>..." to unstage)
        new file:   sample.txt


X260@DESKTOP-6OLBTVB MINGW64 ~/assign/assignment (master)
$ git commit -m "Initial commit"
[master (root-commit) 5607102] Initial commit
 1 file changed, 1 insertion(+)
 create mode 100644 sample.txt

X260@DESKTOP-6OLBTVB MINGW64 ~/assign/assignment (master)
$ git bramch
git: 'bramch' is not a git command. See 'git --help'.

The most similar command is
        branch

X260@DESKTOP-6OLBTVB MINGW64 ~/assign/assignment (master)
$ git branch
* master

X260@DESKTOP-6OLBTVB MINGW64 ~/assign/assignment (master)
$ git checout -b Dev
git: 'checout' is not a git command. See 'git --help'.

The most similar command is
        checkout

X260@DESKTOP-6OLBTVB MINGW64 ~/assign/assignment (master)
$ git checkout -b Dev
Switched to a new branch 'Dev'

X260@DESKTOP-6OLBTVB MINGW64 ~/assign/assignment (Dev)
$ notepad File1.txt

X260@DESKTOP-6OLBTVB MINGW64 ~/assign/assignment (Dev)
$ git add File1.txt

X260@DESKTOP-6OLBTVB MINGW64 ~/assign/assignment (Dev)
$ git status
On branch Dev
Changes to be committed:
  (use "git restore --staged <file>..." to unstage)
        new file:   File1.txt


X260@DESKTOP-6OLBTVB MINGW64 ~/assign/assignment (Dev)
$ git commit -m "File 1 added in Dev Branch"
[Dev 14f97ea] File 1 added in Dev Branch
 1 file changed, 1 insertion(+)
 create mode 100644 File1.txt

X260@DESKTOP-6OLBTVB MINGW64 ~/assign/assignment (Dev)
$ git status
On branch Dev
nothing to commit, working tree clean

X260@DESKTOP-6OLBTVB MINGW64 ~/assign/assignment (Dev)
$ git log
commit 14f97ea41e43642a266b8443c128643a2ecfdbc4 (HEAD -> Dev)
Author: devanshkhamar <devanshkhamar@gmail.com>
Date:   Sun Jul 18 22:58:49 2021 +0530

    File 1 added in Dev Branch

commit 56071021fd342cbbf909ffda951a5c3be8312168 (master)
Author: devanshkhamar <devanshkhamar@gmail.com>
Date:   Sun Jul 18 22:56:08 2021 +0530

    Initial commit

X260@DESKTOP-6OLBTVB MINGW64 ~/assign/assignment (Dev)
$ git checkout master
Switched to branch 'master'

X260@DESKTOP-6OLBTVB MINGW64 ~/assign/assignment (master)
$ git checkout -b Test
Switched to a new branch 'Test'

X260@DESKTOP-6OLBTVB MINGW64 ~/assign/assignment (Test)
$ notepad File2.txt

X260@DESKTOP-6OLBTVB MINGW64 ~/assign/assignment (Test)
$ notepad File3.txt

X260@DESKTOP-6OLBTVB MINGW64 ~/assign/assignment (Test)
$ git status
On branch Test
Untracked files:
  (use "git add <file>..." to include in what will be committed)
        File2.txt
        File3.txt

nothing added to commit but untracked files present (use "git add" to track)

X260@DESKTOP-6OLBTVB MINGW64 ~/assign/assignment (Test)
$ git add File2.txt

X260@DESKTOP-6OLBTVB MINGW64 ~/assign/assignment (Test)
$ git add File3.txt

X260@DESKTOP-6OLBTVB MINGW64 ~/assign/assignment (Test)
$ git commit -m "File 2 and File 3 commited"
[Test 622b480] File 2 and File 3 commited
 2 files changed, 2 insertions(+)
 create mode 100644 File2.txt
 create mode 100644 File3.txt

X260@DESKTOP-6OLBTVB MINGW64 ~/assign/assignment (Test)
$ git log
commit 622b4800f6c9b6bf83becc2794835c8bcabfc0f1 (HEAD -> Test)
Author: devanshkhamar <devanshkhamar@gmail.com>
Date:   Sun Jul 18 23:02:25 2021 +0530

    File 2 and File 3 commited

commit 56071021fd342cbbf909ffda951a5c3be8312168 (master)
Author: devanshkhamar <devanshkhamar@gmail.com>
Date:   Sun Jul 18 22:56:08 2021 +0530

    Initial commit

X260@DESKTOP-6OLBTVB MINGW64 ~/assign/assignment (Test)
$ git checkout Dev
Switched to branch 'Dev'

X260@DESKTOP-6OLBTVB MINGW64 ~/assign/assignment (Dev)
$ notepad File1.txt

X260@DESKTOP-6OLBTVB MINGW64 ~/assign/assignment (Dev)
$ git status
On branch Dev
Changes not staged for commit:
  (use "git add <file>..." to update what will be committed)
  (use "git restore <file>..." to discard changes in working directory)
        modified:   File1.txt

no changes added to commit (use "git add" and/or "git commit -a")

X260@DESKTOP-6OLBTVB MINGW64 ~/assign/assignment (Dev)
$ git add File1.txt

X260@DESKTOP-6OLBTVB MINGW64 ~/assign/assignment (Dev)
$ git commit -m "File 1 is modified"
[Dev 0ceb52a] File 1 is modified
 1 file changed, 1 insertion(+), 1 deletion(-)

X260@DESKTOP-6OLBTVB MINGW64 ~/assign/assignment (Dev)
$ git log
commit 0ceb52aa96294d1c579b50b1ba9ffcb4e5e16187 (HEAD -> Dev)
Author: devanshkhamar <devanshkhamar@gmail.com>
Date:   Sun Jul 18 23:04:58 2021 +0530

    File 1 is modified

commit 14f97ea41e43642a266b8443c128643a2ecfdbc4
Author: devanshkhamar <devanshkhamar@gmail.com>
Date:   Sun Jul 18 22:58:49 2021 +0530

    File 1 added in Dev Branch

commit 56071021fd342cbbf909ffda951a5c3be8312168 (master)
Author: devanshkhamar <devanshkhamar@gmail.com>
Date:   Sun Jul 18 22:56:08 2021 +0530

    Initial commit

X260@DESKTOP-6OLBTVB MINGW64 ~/assign/assignment (Dev)
$ git checkout master
Switched to branch 'master'

X260@DESKTOP-6OLBTVB MINGW64 ~/assign/assignment (master)
$ git merge Dev Test -m "merging all"
Fast-forwarding to: Dev
Trying simple merge with Test
Merge made by the 'octopus' strategy.
 File1.txt | 1 +
 File2.txt | 1 +
 File3.txt | 1 +
 3 files changed, 3 insertions(+)
 create mode 100644 File1.txt
 create mode 100644 File2.txt
 create mode 100644 File3.txt

X260@DESKTOP-6OLBTVB MINGW64 ~/assign/assignment (master)
$ git log
commit ecec79cd5a05861e6f221382eeb84dfd5e72636c (HEAD -> master)
Merge: 0ceb52a 622b480
Author: devanshkhamar <devanshkhamar@gmail.com>
Date:   Sun Jul 18 23:06:27 2021 +0530

    merging all

commit 0ceb52aa96294d1c579b50b1ba9ffcb4e5e16187 (Dev)
Author: devanshkhamar <devanshkhamar@gmail.com>
Date:   Sun Jul 18 23:04:58 2021 +0530

    File 1 is modified

commit 622b4800f6c9b6bf83becc2794835c8bcabfc0f1 (Test)
Author: devanshkhamar <devanshkhamar@gmail.com>
Date:   Sun Jul 18 23:02:25 2021 +0530

    File 2 and File 3 commited

commit 14f97ea41e43642a266b8443c128643a2ecfdbc4
Author: devanshkhamar <devanshkhamar@gmail.com>
Date:   Sun Jul 18 22:58:49 2021 +0530

...skipping...
commit ecec79cd5a05861e6f221382eeb84dfd5e72636c (HEAD -> master)
Merge: 0ceb52a 622b480
Author: devanshkhamar <devanshkhamar@gmail.com>
Date:   Sun Jul 18 23:06:27 2021 +0530

    merging all

commit 0ceb52aa96294d1c579b50b1ba9ffcb4e5e16187 (Dev)
Author: devanshkhamar <devanshkhamar@gmail.com>
Date:   Sun Jul 18 23:04:58 2021 +0530

    File 1 is modified

commit 622b4800f6c9b6bf83becc2794835c8bcabfc0f1 (Test)
Author: devanshkhamar <devanshkhamar@gmail.com>
Date:   Sun Jul 18 23:02:25 2021 +0530

    File 2 and File 3 commited

commit 14f97ea41e43642a266b8443c128643a2ecfdbc4
Author: devanshkhamar <devanshkhamar@gmail.com>
Date:   Sun Jul 18 22:58:49 2021 +0530

    File 1 added in Dev Branch
set mark: ...skipping...
Merge: 0ceb52a 622b480
Author: devanshkhamar <devanshkhamar@gmail.com>
Date:   Sun Jul 18 23:06:27 2021 +0530

    merging all

commit 0ceb52aa96294d1c579b50b1ba9ffcb4e5e16187 (Dev)
Author: devanshkhamar <devanshkhamar@gmail.com>
Date:   Sun Jul 18 23:04:58 2021 +0530

    File 1 is modified

commit 622b4800f6c9b6bf83becc2794835c8bcabfc0f1 (Test)
Author: devanshkhamar <devanshkhamar@gmail.com>
Date:   Sun Jul 18 23:02:25 2021 +0530

    File 2 and File 3 commited

commit 14f97ea41e43642a266b8443c128643a2ecfdbc4
Author: devanshkhamar <devanshkhamar@gmail.com>
Date:   Sun Jul 18 22:58:49 2021 +0530

    File 1 added in Dev Branch

commit 56071021fd342cbbf909ffda951a5c3be8312168
Author: devanshkhamar <devanshkhamar@gmail.com>
Date:   Sun Jul 18 22:56:08 2021 +0530

    Initial commit
...skipping...
commit ecec79cd5a05861e6f221382eeb84dfd5e72636c (HEAD -> master)
Merge: 0ceb52a 622b480
Author: devanshkhamar <devanshkhamar@gmail.com>
Date:   Sun Jul 18 23:06:27 2021 +0530

    merging all

commit 0ceb52aa96294d1c579b50b1ba9ffcb4e5e16187 (Dev)
Author: devanshkhamar <devanshkhamar@gmail.com>
Date:   Sun Jul 18 23:04:58 2021 +0530

    File 1 is modified

commit 622b4800f6c9b6bf83becc2794835c8bcabfc0f1 (Test)
Author: devanshkhamar <devanshkhamar@gmail.com>
Date:   Sun Jul 18 23:02:25 2021 +0530

    File 2 and File 3 commited

commit 14f97ea41e43642a266b8443c128643a2ecfdbc4
Author: devanshkhamar <devanshkhamar@gmail.com>
Date:   Sun Jul 18 22:58:49 2021 +0530

...skipping...

                   SUMMARY OF LESS COMMANDS

      Commands marked with * may be preceded by a number, N.
      Notes in parentheses indicate the behavior if N is given.
      A key preceded by a caret indicates the Ctrl key; thus ^K is ctrl-K.

  h  H                 Display this help.
  q  :q  Q  :Q  ZZ     Exit.
 ---------------------------------------------------------------------------

                           MOVING

  e  ^E  j  ^N  CR  *  Forward  one line   (or N lines).
  y  ^Y  k  ^K  ^P  *  Backward one line   (or N lines).
  f  ^F  ^V  SPACE  *  Forward  one window (or N lines).
  b  ^B  ESC-v      *  Backward one window (or N lines).
  z                 *  Forward  one window (and set window to N).
  w                 *  Backward one window (and set window to N).
  ESC-SPACE         *  Forward  one window, but don't stop at end-of-file.
  d  ^D             *  Forward  one half-window (and set half-window to N).
  u  ^U             *  Backward one half-window (and set half-window to N).
  ESC-)  RightArrow *  Right one half screen width (or N positions).
  ESC-(  LeftArrow  *  Left  one half screen width (or N positions).
...skipping...
commit ecec79cd5a05861e6f221382eeb84dfd5e72636c (HEAD -> master)
Merge: 0ceb52a 622b480
Author: devanshkhamar <devanshkhamar@gmail.com>
Date:   Sun Jul 18 23:06:27 2021 +0530

    merging all

commit 0ceb52aa96294d1c579b50b1ba9ffcb4e5e16187 (Dev)
Author: devanshkhamar <devanshkhamar@gmail.com>
Date:   Sun Jul 18 23:04:58 2021 +0530

    File 1 is modified

commit 622b4800f6c9b6bf83becc2794835c8bcabfc0f1 (Test)
Author: devanshkhamar <devanshkhamar@gmail.com>
Date:   Sun Jul 18 23:02:25 2021 +0530

    File 2 and File 3 commited

commit 14f97ea41e43642a266b8443c128643a2ecfdbc4
Author: devanshkhamar <devanshkhamar@gmail.com>
Date:   Sun Jul 18 22:58:49 2021 +0530


X260@DESKTOP-6OLBTVB MINGW64 ~/assign/assignment (master)
$ git remote add origin https://github.com/devanshkhamar/assignment.git

X260@DESKTOP-6OLBTVB MINGW64 ~/assign/assignment (master)
$ git push -u origin master
Enumerating objects: 15, done.
Counting objects: 100% (15/15), done.
Delta compression using up to 4 threads
Compressing objects: 100% (9/9), done.
Writing objects: 100% (15/15), 1.13 KiB | 193.00 KiB/s, done.
Total 15 (delta 3), reused 0 (delta 0), pack-reused 0
remote: Resolving deltas: 100% (3/3), done.
To https://github.com/devanshkhamar/assignment.git
 * [new branch]      master -> master
Branch 'master' set up to track remote branch 'master' from 'origin'.

X260@DESKTOP-6OLBTVB MINGW64 ~/assign/assignment (master)
$ cd ..

X260@DESKTOP-6OLBTVB MINGW64 ~/assign (master)
$ cd ..

X260@DESKTOP-6OLBTVB MINGW64 ~
$ mkdir assignmentClone

X260@DESKTOP-6OLBTVB MINGW64 ~
$ cd assignmentClone

X260@DESKTOP-6OLBTVB MINGW64 ~/assignmentClone
$ git clone https://github.com/devanshkhamar/assignment.git
Cloning into 'assignment'...
remote: Enumerating objects: 15, done.
remote: Counting objects: 100% (15/15), done.
remote: Compressing objects: 100% (6/6), done.
remote: Total 15 (delta 3), reused 15 (delta 3), pack-reused 0
Receiving objects: 100% (15/15), done.
Resolving deltas: 100% (3/3), done.

X260@DESKTOP-6OLBTVB MINGW64 ~/assignmentClone
$ ls
assignment/

X260@DESKTOP-6OLBTVB MINGW64 ~/assignmentClone
$ cd assignment

X260@DESKTOP-6OLBTVB MINGW64 ~/assignmentClone/assignment (master)
$ notepad Solution.txt

